
> saarkaar-portfolio-frontend@1.0.0 build
> vite build

[36mvite v5.4.21 [32mbuilding for production...[36m[39m
transforming...
[32mΓ£ô[39m 1130 modules transformed.
rendering chunks...
computing gzip size...
[2mdist/[22m[32mindex.html                 [39m[1m[2m    0.99 kB[22m[1m[22m[2m Γöé gzip:   0.56 kB[22m
[2mdist/[22m[35massets/index-DOzYLTsX.css  [39m[1m[2m  104.40 kB[22m[1m[22m[2m Γöé gzip:  19.20 kB[22m
[2mdist/[22m[36massets/index-CVRYUqvP.js   [39m[1m[33m1,582.75 kB[39m[22m[2m Γöé gzip: 468.28 kB[22m[2m Γöé map: 5,917.52 kB[22m
node.exe : [33m
At line:1 char:1
+ & "C:\Program Files\nodejs/node.exe" "C:\Program Files\nodejs/node_mo ...
+ ~~~~~~~~~~~~~~~~~~~~~~~~~~~~~~~~~~~~~~~~~~~~~~~~~~~~~~~~~~~~~~~~~~~~~
    + CategoryInfo          : NotSpecified: ([33m:String) [], RemoteException
    + FullyQualifiedErrorId : NativeCommandError
 
(!) Some chunks are larger than 500 kB after minification. Consider:
- Using dynamic import() to code-split the application
- Use build.rollupOptions.output.manualChunks to improve chunking: 
https://rollupjs.org/configuration-options/#output-manualchunks
- Adjust chunk size limit for this warning via 
build.chunkSizeWarningLimit.[39m
[32mΓ£ô built in 19.32s[39m
